Harness status: OK

Found 1 tests

1 Fail
Fail	Form-related operations and attributes should throw NotSupportedErrors for non-form-associated custom elements.