<!DOCTYPE html>
<style>
    * {
        margin: 0;
    }
    body {
        background-color: white;
    }
</style>
<img src="../images/inline-node-borders-ref.png">
