Harness status: OK

Found 2 tests

1 Pass
1 Fail
Pass	innerText should be the same for the pre-line and pre examples
Fail	innerText has collapsed whitespace but preserved newlines with pre-line